[Геном] журнал data/large_genome.dat открыт (ключ: встроенный (18 байт))
[Корпус] обучение на больших данных...
[Корпус] загружено 23755 паттернов
Колибри узел 1 готов. :help для списка команд.
колибри-1> [Анализ] 'Что такое технология?' -> хэш 1872686709
[Ответ] (синтез) Предмет случае очередь Средневековая философам средневековой
[Мысли] f(1872686709) = -103
[Пояснение] тип=остаточная k=-41 b=-70 aux=-34 фитнес=0.000000
колибри-1> [Анализ] 'Расскажи про науку' -> хэш 1904912910
[Ответ] (синтез) позитивизма Алексеев Введение философы занимает Древнекитайская философов
[Мысли] f(1904912910) = -72
[Пояснение] тип=остаточная k=-41 b=-70 aux=-34 фитнес=0.000000
колибри-1> [Сессия] завершение работы по команде
Колибри узел 1 завершил работу
